INSERT INTO Customer (
    Id,CustomerName,    BithDate,
    ContactName,       Address,      City,  PostalCode,
    Country,  Phone
) values (
    87,'Wartian Herkku',to_date('1972-04-01','yyyy-mm-dd'),
    'Pirkko Koskitalo','Torikatu 38','Oulu','90110',
    'Finland','+12312249090'
);

INSERT INTO Customer (
    Id,CustomerName,
    BithDate,                          ContactName,
    Address,             City,     PostalCode, Country,
    Phone
) values (
    88,'Wellington Importadora',
    to_date('1968-11-24','yyyy-mm-dd'),'Paula Parente',
    'Rua do Mercado, 12','Resende','08737-363','Brazil',
    '+43312244545'
);

INSERT INTO Customer (
    Id,CustomerName,
    BithDate,                          ContactName,
    Address,                      City,     PostalCode,
    Country,Phone
) values (
    89,'White Clover Markets',
    to_date('1992-10-05','yyyy-mm-dd'),'Karl Jablonski',
    '305 - 14th Ave. S. Suite 3B','Seattle','98128',
    'USA',  '+78312241010'
);
